Traceback (most recent call last):
  File "tracebacks.dir/non-verbose.ipy", line 8, in <module>
    test()
  File "tracebacks.dir/non-verbose.ipy", line 7, in test
    test1()
  File "tracebacks.dir/non-verbose.ipy", line 6, in test1
    test2()
  File "tracebacks.dir/non-verbose.ipy", line 5, in test2
    '{:f}'.format(vcsn.Q.expression('abc').automaton())
RuntimeError: print: FAdo requires tuple, letter or nullable labels, and Boolean weights
