[1;31m---------------------------------------------------------------------------[0m
[1;31mRuntimeError[0m                              Traceback (most recent call last)
[1;32mtracebacks.dir/verbose.ipy[0m in [0;36m<module>[1;34m()[0m
[0;32m      ??[0m     [0mtest1[0m[1;33m([0m[1;33m)[0m[1;33m[0m[0m
[0;32m      ??[0m [0mvcsn[0m[1;33m.[0m[0m_traceback_verbose[0m [1;33m=[0m [1;32mTrue[0m[1;33m[0m[0m
[1;32m----> ??[1;33m [0mtest[0m[1;33m([0m[1;33m)[0m[1;33m[0m[0m
[0m
[1;32mtracebacks.dir/verbose.ipy[0m in [0;36mtest[1;34m()[0m
[0;32m      ??[0m             [1;34m'{:f}'[0m[1;33m.[0m[0mformat[0m[1;33m([0m[0mvcsn[0m[1;33m.[0m[0mQ[0m[1;33m.[0m[0mexpression[0m[1;33m([0m[1;34m'abc'[0m[1;33m)[0m[1;33m.[0m[0mautomaton[0m[1;33m([0m[1;33m)[0m[1;33m)[0m[1;33m[0m[0m
[0;32m      ??[0m         [0mtest2[0m[1;33m([0m[1;33m)[0m[1;33m[0m[0m
[1;32m----> ??[1;33m     [0mtest1[0m[1;33m([0m[1;33m)[0m[1;33m[0m[0m
[0m[0;32m      ??[0m [0mvcsn[0m[1;33m.[0m[0m_traceback_verbose[0m [1;33m=[0m [1;32mTrue[0m[1;33m[0m[0m
[0;32m      ??[0m [0mtest[0m[1;33m([0m[1;33m)[0m[1;33m[0m[0m

[1;32mtracebacks.dir/verbose.ipy[0m in [0;36mtest1[1;34m()[0m
[0;32m      ??[0m         [1;32mdef[0m [0mtest2[0m[1;33m([0m[1;33m)[0m[1;33m:[0m[1;33m[0m[0m
[0;32m      ??[0m             [1;34m'{:f}'[0m[1;33m.[0m[0mformat[0m[1;33m([0m[0mvcsn[0m[1;33m.[0m[0mQ[0m[1;33m.[0m[0mexpression[0m[1;33m([0m[1;34m'abc'[0m[1;33m)[0m[1;33m.[0m[0mautomaton[0m[1;33m([0m[1;33m)[0m[1;33m)[0m[1;33m[0m[0m
[1;32m----> ??[1;33m         [0mtest2[0m[1;33m([0m[1;33m)[0m[1;33m[0m[0m
[0m[0;32m      ??[0m     [0mtest1[0m[1;33m([0m[1;33m)[0m[1;33m[0m[0m
[0;32m      ??[0m [0mvcsn[0m[1;33m.[0m[0m_traceback_verbose[0m [1;33m=[0m [1;32mTrue[0m[1;33m[0m[0m

[1;32mtracebacks.dir/verbose.ipy[0m in [0;36mtest2[1;34m()[0m
[0;32m      ??[0m     [1;32mdef[0m [0mtest1[0m[1;33m([0m[1;33m)[0m[1;33m:[0m[1;33m[0m[0m
[0;32m      ??[0m         [1;32mdef[0m [0mtest2[0m[1;33m([0m[1;33m)[0m[1;33m:[0m[1;33m[0m[0m
[1;32m----> ??[1;33m             [1;34m'{:f}'[0m[1;33m.[0m[0mformat[0m[1;33m([0m[0mvcsn[0m[1;33m.[0m[0mQ[0m[1;33m.[0m[0mexpression[0m[1;33m([0m[1;34m'abc'[0m[1;33m)[0m[1;33m.[0m[0mautomaton[0m[1;33m([0m[1;33m)[0m[1;33m)[0m[1;33m[0m[0m
[0m[0;32m      ??[0m         [0mtest2[0m[1;33m([0m[1;33m)[0m[1;33m[0m[0m
[0;32m      ??[0m     [0mtest1[0m[1;33m([0m[1;33m)[0m[1;33m[0m[0m

[1;32mvcsn/automaton.py[0m in [0;36m__format__[1;34m(self, spec)[0m
[0;32m    ??[0m                     [1;34m'r'[0m[1;33m:[0m [1;34m'grail'[0m[1;33m,[0m[1;33m[0m[0m
[0;32m    ??[0m                     'x': 'tikz'}
[1;32m--> ??[1;33m         [1;32mreturn[0m [0m_format[0m[1;33m([0m[0mself[0m[1;33m,[0m [0mspec[0m[1;33m,[0m [1;34m'daut'[0m[1;33m,[0m [0msyntaxes[0m[1;33m)[0m[1;33m[0m[0m
[0m[0;32m    ??[0m [1;33m[0m[0m
[0;32m    ??[0m     [1;32mdef[0m [0mas_fst[0m[1;33m([0m[0mself[0m[1;33m)[0m[1;33m:[0m[1;33m[0m[0m

[1;32mvcsn/tools.py[0m in [0;36m_format[1;34m(self, spec, syntax, syntaxes)[0m
[0;32m     ??[0m             [1;32mraise[0m [0mValueError[0m[1;33m([0m[1;34m"unknown format specification: "[0m [1;33m+[0m [0mc[0m [1;33m+[0m [0mspec[0m[1;33m)[0m[1;33m[0m[0m
[0;32m     ??[0m [1;33m[0m[0m
[1;32m---> ??[1;33m     [0ms[0m [1;33m=[0m [0mself[0m[1;33m.[0m[0mformat[0m[1;33m([0m[0msyntax[0m[1;33m)[0m[1;33m[0m[0m
[0m[0;32m     ??[0m     [1;32mreturn[0m [0ms[0m[1;33m.[0m[0m__format__[0m[1;33m([0m[0mspec[0m[1;33m)[0m[1;33m[0m[0m
[0;32m     ??[0m [1;33m[0m[0m

[1;32mvcsn/automaton.py[0m in [0;36mformat[1;34m(self, fmt)[0m
[0;32m    ??[0m     [1;31m# automaton.format[0m[1;33m[0m[1;33m[0m[0m
[0;32m    ??[0m     [1;32mdef[0m [0mformat[0m[1;33m([0m[0mself[0m[1;33m,[0m [0mfmt[0m[1;33m=[0m[1;34m"daut"[0m[1;33m)[0m[1;33m:[0m[1;33m[0m[0m
[1;32m--> ??[1;33m         [1;32mreturn[0m [0mself[0m[1;33m.[0m[0m_format[0m[1;33m([0m[0mfmt[0m[1;33m)[0m[1;33m[0m[0m
[0m[0;32m    ??[0m [1;33m[0m[0m
[0;32m    ??[0m     [1;32mdef[0m [0m__format__[0m[1;33m([0m[0mself[0m[1;33m,[0m [0mspec[0m[1;33m)[0m[1;33m:[0m[1;33m[0m[0m

[1;31mRuntimeError[0m: print: FAdo requires tuple, letter or nullable labels, and Boolean weights
