 0.12[0m  0.12[0m a.is_proper()        # a = "", 200000x
 0.27[0m  0.27[0m b.format("text")     # b = [abc] -> B, 100000x
