[32m[1m 0.12[0m [31m[1m 0.24[0m a.is_proper()        # a = "", 200000x
[31m[1m 2.43[0m [32m[1m 1.80[0m b.format("text")     # b = [abc] -> B, 900000x
