[32m[1m 1.20[0m [31m[1m 1.50[0m a.is_proper()        # a = "", 2000000x
[31m[1m 2.70[0m [32m[1m 2.20[0m b.format("text")     # b = [abc] -> B, 1000000x
