[31m[1m22.70[0m [31m[1m28.70[0m [32m[1m 0.65[0m [32m[1m 0.63[0m a.shortest(5)        # a = de_bruijn(9), 10x
[31m[1m 1.26[0m [31m[1m 0.93[0m [32m[1m 0.20[0m [32m[1m 0.19[0m a.shortest(5)        # a = std([a-e]?{600}), c = [a-e] -> Z
  N/A   N/A [31m[1m 0.71[0m [32m[1m 0.67[0m a.shortest(5000)     # a = de_bruijn(9), 10x
  N/A   N/A  0.28[0m  0.27[0m a.shortest(5000)     # a = derived_term((\e|x + a|\e)*), c = [a]?x[x]? -> Q, 10x
